******************************************************************************
                  MSP430 Linker Unix v20.2.0                   
******************************************************************************
>> Linked Sat Aug  8 23:24:24 2020

OUTPUT FILE NAME:   <lab6.out>
ENTRY POINT SYMBOL: "_c_int00_noargs"  address: 0000ce12


MEMORY CONFIGURATION

         name            origin    length      used     unused   attr    fill
----------------------  --------  ---------  --------  --------  ----  --------
  SFR                   00000000   00000010  00000000  00000010  RWIX
  PERIPHERALS_8BIT      00000010   000000f0  00000000  000000f0  RWIX
  PERIPHERALS_16BIT     00000100   00000100  00000000  00000100  RWIX
  RAM                   00000200   00000200  0000006a  00000196  RWIX
  INFOD                 00001000   00000040  00000000  00000040  RWIX
  INFOC                 00001040   00000040  00000000  00000040  RWIX
  INFOB                 00001080   00000040  00000000  00000040  RWIX
  INFOA                 000010c0   00000040  00000000  00000040  RWIX
  FLASH                 0000c000   00003fde  00000ed2  0000310c  RWIX
  BSLSIGNATURE          0000ffde   00000002  00000002  00000000  RWIX  ffff 
  INT00                 0000ffe0   00000002  00000002  00000000  RWIX
  INT01                 0000ffe2   00000002  00000000  00000002  RWIX
  INT02                 0000ffe4   00000002  00000002  00000000  RWIX
  INT03                 0000ffe6   00000002  00000002  00000000  RWIX
  INT04                 0000ffe8   00000002  00000000  00000002  RWIX
  INT05                 0000ffea   00000002  00000002  00000000  RWIX
  INT06                 0000ffec   00000002  00000002  00000000  RWIX
  INT07                 0000ffee   00000002  00000002  00000000  RWIX
  INT08                 0000fff0   00000002  00000002  00000000  RWIX
  INT09                 0000fff2   00000002  00000002  00000000  RWIX
  INT10                 0000fff4   00000002  00000002  00000000  RWIX
  INT11                 0000fff6   00000002  00000002  00000000  RWIX
  INT12                 0000fff8   00000002  00000002  00000000  RWIX
  INT13                 0000fffa   00000002  00000002  00000000  RWIX
  INT14                 0000fffc   00000002  00000002  00000000  RWIX
  RESET                 0000fffe   00000002  00000002  00000000  RWIX


SECTION ALLOCATION MAP

 output                                  attributes/
section   page    origin      length       input sections
--------  ----  ----------  ----------   ----------------
.data      0    00000200    00000014     UNINITIALIZED
                  00000200    00000014     main.obj (.data)

.bss       0    00000214    00000006     UNINITIALIZED
                  00000214    00000006     (.common:ADCReading)

.stack     0    000003b0    00000050     UNINITIALIZED
                  000003b0    00000002     rts430_eabi.lib : boot.c.obj (.stack)
                  000003b2    0000004e     --HOLE--

.text      0    0000c000    00000eb4     
                  0000c000    0000043e     main.obj (.text:main)
                  0000c43e    00000286     rts430_eabi.lib : frcmpyd.c.obj (.text:__TI_frcmpyd)
                  0000c6c4    0000026e                     : mpyd.c.obj (.text:__mspabi_mpyd)
                  0000c932    000000dc                     : cmpd.c.obj (.text:__mspabi_cmpd)
                  0000ca0e    000000ac                     : fltlid.c.obj (.text:__mspabi_fltlid)
                  0000caba    0000008e     main.obj (.text:getanalogvalues)
                  0000cb48    0000007c     rts430_eabi.lib : copy_decompress_lzss.c.obj (.text:decompress:lzss:__TI_decompress_lzss)
                  0000cbc4    0000005c                     : lsr32.asm.obj (.text:l_lsr_const)
                  0000cc20    0000004c                     : lsr16.asm.obj (.text)
                  0000cc6c    00000042                     : autoinit.c.obj (.text:__TI_auto_init_nobinit_nopinit:__TI_auto_init_nobinit_nopinit)
                  0000ccae    0000003e                     : asr32.asm.obj (.text:l_asr_const)
                  0000ccec    0000003e                     : lsl32.asm.obj (.text:l_lsl_const)
                  0000cd2a    0000002c                     : asr16.asm.obj (.text)
                  0000cd56    0000002c                     : div16s.asm.obj (.text)
                  0000cd82    0000002c                     : lsl16.asm.obj (.text)
                  0000cdae    00000026                     : mult32.asm.obj (.text)
                  0000cdd4    00000020     main.obj (.text:ConfigureAdc)
                  0000cdf4    0000001e     main.obj (.text:fadeLED)
                  0000ce12    0000001c     rts430_eabi.lib : boot.c.obj (.text:_c_int00_noargs)
                  0000ce2e    00000016                     : div16u.asm.obj (.text)
                  0000ce44    00000014                     : copy_zero_init.c.obj (.text:decompress:ZI:__TI_zero_init_nomemset:__TI_zero_init_nomemset)
                  0000ce58    00000012                     : copy_decompress_none.c.obj (.text:decompress:none:__TI_decompress_none)
                  0000ce6a    00000012                     : memcpy.c.obj (.text:memcpy)
                  0000ce7c    00000010                     : epilog.asm.obj (.text)
                  0000ce8c    0000000c                     : fltid.c.obj (.text:__mspabi_fltid)
                  0000ce98    00000008     main.obj (.text:ADC10_ISR)
                  0000cea0    00000008     rts430_eabi.lib : isr_trap.asm.obj (.text:_isr:__TI_ISR_TRAP)
                  0000cea8    00000006                     : exit.c.obj (.text:abort)
                  0000ceae    00000004                     : pre_init.c.obj (.text:_system_pre_init)
                  0000ceb2    00000002                     : startup.c.obj (.text:_system_post_cinit)

.cinit     0    0000ceb4    0000001e     
                  0000ceb4    0000000c     (.cinit..data.load) [load image, compression = lzss]
                  0000cec0    00000006     (__TI_handler_table)
                  0000cec6    00000004     (.cinit..bss.load) [load image, compression = zero_init]
                  0000ceca    00000008     (__TI_cinit_table)

.binit     0    0000c000    00000000     

.init_array 
*          0    0000c000    00000000     UNINITIALIZED

TRAPINT    0    0000ffe0    00000002     
                  0000ffe0    00000002     rts430_eabi.lib : int00.asm.obj (.int00)

PORT1      0    0000ffe4    00000002     
                  0000ffe4    00000002     rts430_eabi.lib : int02.asm.obj (.int02)

PORT2      0    0000ffe6    00000002     
                  0000ffe6    00000002     rts430_eabi.lib : int03.asm.obj (.int03)

ADC10      0    0000ffea    00000002     
                  0000ffea    00000002     main.obj (.int05)

USCIAB0TX 
*          0    0000ffec    00000002     
                  0000ffec    00000002     rts430_eabi.lib : int06.asm.obj (.int06)

USCIAB0RX 
*          0    0000ffee    00000002     
                  0000ffee    00000002     rts430_eabi.lib : int07.asm.obj (.int07)

TIMER0_A1 
*          0    0000fff0    00000002     
                  0000fff0    00000002     rts430_eabi.lib : int08.asm.obj (.int08)

TIMER0_A0 
*          0    0000fff2    00000002     
                  0000fff2    00000002     rts430_eabi.lib : int09.asm.obj (.int09)

WDT        0    0000fff4    00000002     
                  0000fff4    00000002     rts430_eabi.lib : int10.asm.obj (.int10)

COMPARATORA 
*          0    0000fff6    00000002     
                  0000fff6    00000002     rts430_eabi.lib : int11.asm.obj (.int11)

TIMER1_A1 
*          0    0000fff8    00000002     
                  0000fff8    00000002     rts430_eabi.lib : int12.asm.obj (.int12)

TIMER1_A0 
*          0    0000fffa    00000002     
                  0000fffa    00000002     rts430_eabi.lib : int13.asm.obj (.int13)

NMI        0    0000fffc    00000002     
                  0000fffc    00000002     rts430_eabi.lib : int14.asm.obj (.int14)

.reset     0    0000fffe    00000002     
                  0000fffe    00000002     rts430_eabi.lib : boot.c.obj (.reset)

$fill000   0    0000ffde    00000002     
                  0000ffde    00000002     --HOLE-- [fill = ffff]

MODULE SUMMARY

       Module                       code   ro data   rw data
       ------                       ----   -------   -------
    ./
       main.obj                     1298   2         26     
    +--+----------------------------+------+---------+---------+
       Total:                       1298   2         26     
                                                            
    /Applications/ti/ccs1000/ccs/tools/compiler/ti-cgt-msp430_20.2.0.LTS/lib/rts430_eabi.lib
       frcmpyd.c.obj                646    0         0      
       mpyd.c.obj                   622    0         0      
       cmpd.c.obj                   220    0         0      
       fltlid.c.obj                 172    0         0      
       copy_decompress_lzss.c.obj   124    0         0      
       lsr32.asm.obj                92     0         0      
       lsr16.asm.obj                76     0         0      
       autoinit.c.obj               66     0         0      
       asr32.asm.obj                62     0         0      
       lsl32.asm.obj                62     0         0      
       asr16.asm.obj                44     0         0      
       div16s.asm.obj               44     0         0      
       lsl16.asm.obj                44     0         0      
       mult32.asm.obj               38     0         0      
       boot.c.obj                   28     2         0      
       div16u.asm.obj               22     0         0      
       copy_zero_init.c.obj         20     0         0      
       copy_decompress_none.c.obj   18     0         0      
       memcpy.c.obj                 18     0         0      
       epilog.asm.obj               16     0         0      
       fltid.c.obj                  12     0         0      
       isr_trap.asm.obj             8      0         0      
       exit.c.obj                   6      0         0      
       pre_init.c.obj               4      0         0      
       int00.asm.obj                0      2         0      
       int02.asm.obj                0      2         0      
       int03.asm.obj                0      2         0      
       int06.asm.obj                0      2         0      
       int07.asm.obj                0      2         0      
       int08.asm.obj                0      2         0      
       int09.asm.obj                0      2         0      
       int10.asm.obj                0      2         0      
       int11.asm.obj                0      2         0      
       int12.asm.obj                0      2         0      
       int13.asm.obj                0      2         0      
       int14.asm.obj                0      2         0      
       startup.c.obj                2      0         0      
    +--+----------------------------+------+---------+---------+
       Total:                       2466   26        0      
                                                            
       Stack:                       0      0         80     
       Linker Generated:            0      30        0      
    +--+----------------------------+------+---------+---------+
       Grand Total:                 3764   58        106    


LINKER GENERATED COPY TABLES

__TI_cinit_table @ 0000ceca records: 2, size/record: 4, table size: 8
	.data: load addr=0000ceb4, load size=0000000c bytes, run addr=00000200, run size=00000014 bytes, compression=lzss
	.bss: load addr=0000cec6, load size=00000004 bytes, run addr=00000214, run size=00000006 bytes, compression=zero_init


LINKER GENERATED HANDLER TABLE

__TI_handler_table @ 0000cec0 records: 3, size/record: 2, table size: 6
	index: 0, handler: __TI_zero_init
	index: 1, handler: __TI_decompress_lzss
	index: 2, handler: __TI_decompress_none


GLOBAL SYMBOLS: SORTED ALPHABETICALLY BY Name 

address   name                          
-------   ----                          
0000004a  ADC10AE0                      
000001b0  ADC10CTL0                     
000001b2  ADC10CTL1                     
00000048  ADC10DTC0                     
00000049  ADC10DTC1                     
000001b4  ADC10MEM                      
000001bc  ADC10SA                       
0000ce98  ADC10_ISR                     
00000214  ADCReading                    
00000057  BCSCTL1                       
00000058  BCSCTL2                       
00000053  BCSCTL3                       
0000cea8  C$$EXIT                       
00000059  CACTL1                        
0000005a  CACTL2                        
000010fb  CALBC1_12MHZ                  
000010f9  CALBC1_16MHZ                  
000010ff  CALBC1_1MHZ                   
000010fd  CALBC1_8MHZ                   
000010fa  CALDCO_12MHZ                  
000010f8  CALDCO_16MHZ                  
000010fe  CALDCO_1MHZ                   
000010fc  CALDCO_8MHZ                   
0000005b  CAPD                          
0000cdd4  ConfigureAdc                  
00000056  DCOCTL                        
00000128  FCTL1                         
0000012a  FCTL2                         
0000012c  FCTL3                         
00000000  IE1                           
00000001  IE2                           
00000002  IFG1                          
00000003  IFG2                          
00000022  P1DIR                         
00000025  P1IE                          
00000024  P1IES                         
00000023  P1IFG                         
00000020  P1IN                          
00000021  P1OUT                         
00000027  P1REN                         
00000026  P1SEL                         
00000041  P1SEL2                        
0000002a  P2DIR                         
0000002d  P2IE                          
0000002c  P2IES                         
0000002b  P2IFG                         
00000028  P2IN                          
00000029  P2OUT                         
0000002f  P2REN                         
0000002e  P2SEL                         
00000042  P2SEL2                        
0000001a  P3DIR                         
00000018  P3IN                          
00000019  P3OUT                         
00000010  P3REN                         
0000001b  P3SEL                         
00000043  P3SEL2                        
00000172  TA0CCR0                       
00000174  TA0CCR1                       
00000176  TA0CCR2                       
00000162  TA0CCTL0                      
00000164  TA0CCTL1                      
00000166  TA0CCTL2                      
00000160  TA0CTL                        
0000012e  TA0IV                         
00000170  TA0R                          
00000192  TA1CCR0                       
00000194  TA1CCR1                       
00000196  TA1CCR2                       
00000182  TA1CCTL0                      
00000184  TA1CCTL1                      
00000186  TA1CCTL2                      
00000180  TA1CTL                        
0000011e  TA1IV                         
00000190  TA1R                          
000010db  TLV_ADC10_1_LEN               
000010da  TLV_ADC10_1_TAG               
000010c0  TLV_CHECKSUM                  
000010f7  TLV_DCO_30_LEN                
000010f6  TLV_DCO_30_TAG                
0000005d  UCA0ABCTL                     
00000062  UCA0BR0                       
00000063  UCA0BR1                       
00000060  UCA0CTL0                      
00000061  UCA0CTL1                      
0000005f  UCA0IRRCTL                    
0000005e  UCA0IRTCTL                    
00000064  UCA0MCTL                      
00000066  UCA0RXBUF                     
00000065  UCA0STAT                      
00000067  UCA0TXBUF                     
0000006a  UCB0BR0                       
0000006b  UCB0BR1                       
00000068  UCB0CTL0                      
00000069  UCB0CTL1                      
0000006c  UCB0I2CIE                     
00000118  UCB0I2COA                     
0000011a  UCB0I2CSA                     
0000006e  UCB0RXBUF                     
0000006d  UCB0STAT                      
0000006f  UCB0TXBUF                     
00000120  WDTCTL                        
00000400  __STACK_END                   
00000050  __STACK_SIZE                  
0000ceca  __TI_CINIT_Base               
0000ced2  __TI_CINIT_Limit              
0000cec0  __TI_Handler_Table_Base       
0000cec6  __TI_Handler_Table_Limit      
0000cea0  __TI_ISR_TRAP                 
0000cc6c  __TI_auto_init_nobinit_nopinit
0000cb48  __TI_decompress_lzss          
0000ce58  __TI_decompress_none          
0000c43e  __TI_frcmpyd                  
0000ffe0  __TI_int00                    
0000ffe4  __TI_int02                    
0000ffe6  __TI_int03                    
0000ffea  __TI_int05                    
0000ffec  __TI_int06                    
0000ffee  __TI_int07                    
0000fff0  __TI_int08                    
0000fff2  __TI_int09                    
0000fff4  __TI_int10                    
0000fff6  __TI_int11                    
0000fff8  __TI_int12                    
0000fffa  __TI_int13                    
0000fffc  __TI_int14                    
ffffffff  __TI_pprof_out_hndl           
ffffffff  __TI_prof_data_size           
ffffffff  __TI_prof_data_start          
0000ce44  __TI_zero_init_nomemset       
ffffffff  __c_args__                    
0000c932  __mspabi_cmpd                 
0000cd56  __mspabi_divi                 
0000ce2e  __mspabi_divu                 
0000ce8c  __mspabi_fltid                
0000ca0e  __mspabi_fltlid               
0000ce88  __mspabi_func_epilog_1        
0000ce86  __mspabi_func_epilog_2        
0000ce84  __mspabi_func_epilog_3        
0000ce82  __mspabi_func_epilog_4        
0000ce80  __mspabi_func_epilog_5        
0000ce7e  __mspabi_func_epilog_6        
0000ce7c  __mspabi_func_epilog_7        
0000c6c4  __mspabi_mpyd                 
0000cdae  __mspabi_mpyl                 
0000cdae  __mspabi_mpyl_sw              
0000cd56  __mspabi_remi                 
0000ce2e  __mspabi_remu                 
0000cd82  __mspabi_slli                 
0000cdaa  __mspabi_slli_1               
0000cd98  __mspabi_slli_10              
0000cd96  __mspabi_slli_11              
0000cd94  __mspabi_slli_12              
0000cd92  __mspabi_slli_13              
0000cd90  __mspabi_slli_14              
0000cd8e  __mspabi_slli_15              
0000cda8  __mspabi_slli_2               
0000cda6  __mspabi_slli_3               
0000cda4  __mspabi_slli_4               
0000cda2  __mspabi_slli_5               
0000cda0  __mspabi_slli_6               
0000cd9e  __mspabi_slli_7               
0000cd9c  __mspabi_slli_8               
0000cd9a  __mspabi_slli_9               
0000cd24  __mspabi_slll_1               
0000cd00  __mspabi_slll_10              
0000ccfc  __mspabi_slll_11              
0000ccf8  __mspabi_slll_12              
0000ccf4  __mspabi_slll_13              
0000ccf0  __mspabi_slll_14              
0000ccec  __mspabi_slll_15              
0000cd20  __mspabi_slll_2               
0000cd1c  __mspabi_slll_3               
0000cd18  __mspabi_slll_4               
0000cd14  __mspabi_slll_5               
0000cd10  __mspabi_slll_6               
0000cd0c  __mspabi_slll_7               
0000cd08  __mspabi_slll_8               
0000cd04  __mspabi_slll_9               
0000cd2a  __mspabi_srai                 
0000cd52  __mspabi_srai_1               
0000cd40  __mspabi_srai_10              
0000cd3e  __mspabi_srai_11              
0000cd3c  __mspabi_srai_12              
0000cd3a  __mspabi_srai_13              
0000cd38  __mspabi_srai_14              
0000cd36  __mspabi_srai_15              
0000cd50  __mspabi_srai_2               
0000cd4e  __mspabi_srai_3               
0000cd4c  __mspabi_srai_4               
0000cd4a  __mspabi_srai_5               
0000cd48  __mspabi_srai_6               
0000cd46  __mspabi_srai_7               
0000cd44  __mspabi_srai_8               
0000cd42  __mspabi_srai_9               
0000cce6  __mspabi_sral_1               
0000ccc2  __mspabi_sral_10              
0000ccbe  __mspabi_sral_11              
0000ccba  __mspabi_sral_12              
0000ccb6  __mspabi_sral_13              
0000ccb2  __mspabi_sral_14              
0000ccae  __mspabi_sral_15              
0000cce2  __mspabi_sral_2               
0000ccde  __mspabi_sral_3               
0000ccda  __mspabi_sral_4               
0000ccd6  __mspabi_sral_5               
0000ccd2  __mspabi_sral_6               
0000ccce  __mspabi_sral_7               
0000ccca  __mspabi_sral_8               
0000ccc6  __mspabi_sral_9               
0000cc20  __mspabi_srli                 
0000cc66  __mspabi_srli_1               
0000cc42  __mspabi_srli_10              
0000cc3e  __mspabi_srli_11              
0000cc3a  __mspabi_srli_12              
0000cc36  __mspabi_srli_13              
0000cc32  __mspabi_srli_14              
0000cc2e  __mspabi_srli_15              
0000cc62  __mspabi_srli_2               
0000cc5e  __mspabi_srli_3               
0000cc5a  __mspabi_srli_4               
0000cc56  __mspabi_srli_5               
0000cc52  __mspabi_srli_6               
0000cc4e  __mspabi_srli_7               
0000cc4a  __mspabi_srli_8               
0000cc46  __mspabi_srli_9               
0000cc18  __mspabi_srll_1               
0000cbe2  __mspabi_srll_10              
0000cbdc  __mspabi_srll_11              
0000cbd6  __mspabi_srll_12              
0000cbd0  __mspabi_srll_13              
0000cbca  __mspabi_srll_14              
0000cbc4  __mspabi_srll_15              
0000cc12  __mspabi_srll_2               
0000cc0c  __mspabi_srll_3               
0000cc06  __mspabi_srll_4               
0000cc00  __mspabi_srll_5               
0000cbfa  __mspabi_srll_6               
0000cbf4  __mspabi_srll_7               
0000cbee  __mspabi_srll_8               
0000cbe8  __mspabi_srll_9               
0000ce12  _c_int00_noargs               
0000fffe  _reset_vector                 
000003b0  _stack                        
0000ceb2  _system_post_cinit            
0000ceae  _system_pre_init              
0000cea8  abort                         
00000208  dimled                        
0000cdf4  fadeLED                       
00000212  flag                          
0000caba  getanalogvalues               
00000202  i                             
00000204  light                         
00000206  lightroom                     
0000c000  main                          
0000ce6a  memcpy                        
0000020a  temp                          
0000020c  temproom                      
0000020e  touch                         
00000210  touchroom                     
00000200  value                         


GLOBAL SYMBOLS: SORTED BY Symbol Address 

address   name                          
-------   ----                          
00000000  IE1                           
00000001  IE2                           
00000002  IFG1                          
00000003  IFG2                          
00000010  P3REN                         
00000018  P3IN                          
00000019  P3OUT                         
0000001a  P3DIR                         
0000001b  P3SEL                         
00000020  P1IN                          
00000021  P1OUT                         
00000022  P1DIR                         
00000023  P1IFG                         
00000024  P1IES                         
00000025  P1IE                          
00000026  P1SEL                         
00000027  P1REN                         
00000028  P2IN                          
00000029  P2OUT                         
0000002a  P2DIR                         
0000002b  P2IFG                         
0000002c  P2IES                         
0000002d  P2IE                          
0000002e  P2SEL                         
0000002f  P2REN                         
00000041  P1SEL2                        
00000042  P2SEL2                        
00000043  P3SEL2                        
00000048  ADC10DTC0                     
00000049  ADC10DTC1                     
0000004a  ADC10AE0                      
00000050  __STACK_SIZE                  
00000053  BCSCTL3                       
00000056  DCOCTL                        
00000057  BCSCTL1                       
00000058  BCSCTL2                       
00000059  CACTL1                        
0000005a  CACTL2                        
0000005b  CAPD                          
0000005d  UCA0ABCTL                     
0000005e  UCA0IRTCTL                    
0000005f  UCA0IRRCTL                    
00000060  UCA0CTL0                      
00000061  UCA0CTL1                      
00000062  UCA0BR0                       
00000063  UCA0BR1                       
00000064  UCA0MCTL                      
00000065  UCA0STAT                      
00000066  UCA0RXBUF                     
00000067  UCA0TXBUF                     
00000068  UCB0CTL0                      
00000069  UCB0CTL1                      
0000006a  UCB0BR0                       
0000006b  UCB0BR1                       
0000006c  UCB0I2CIE                     
0000006d  UCB0STAT                      
0000006e  UCB0RXBUF                     
0000006f  UCB0TXBUF                     
00000118  UCB0I2COA                     
0000011a  UCB0I2CSA                     
0000011e  TA1IV                         
00000120  WDTCTL                        
00000128  FCTL1                         
0000012a  FCTL2                         
0000012c  FCTL3                         
0000012e  TA0IV                         
00000160  TA0CTL                        
00000162  TA0CCTL0                      
00000164  TA0CCTL1                      
00000166  TA0CCTL2                      
00000170  TA0R                          
00000172  TA0CCR0                       
00000174  TA0CCR1                       
00000176  TA0CCR2                       
00000180  TA1CTL                        
00000182  TA1CCTL0                      
00000184  TA1CCTL1                      
00000186  TA1CCTL2                      
00000190  TA1R                          
00000192  TA1CCR0                       
00000194  TA1CCR1                       
00000196  TA1CCR2                       
000001b0  ADC10CTL0                     
000001b2  ADC10CTL1                     
000001b4  ADC10MEM                      
000001bc  ADC10SA                       
00000200  value                         
00000202  i                             
00000204  light                         
00000206  lightroom                     
00000208  dimled                        
0000020a  temp                          
0000020c  temproom                      
0000020e  touch                         
00000210  touchroom                     
00000212  flag                          
00000214  ADCReading                    
000003b0  _stack                        
00000400  __STACK_END                   
000010c0  TLV_CHECKSUM                  
000010da  TLV_ADC10_1_TAG               
000010db  TLV_ADC10_1_LEN               
000010f6  TLV_DCO_30_TAG                
000010f7  TLV_DCO_30_LEN                
000010f8  CALDCO_16MHZ                  
000010f9  CALBC1_16MHZ                  
000010fa  CALDCO_12MHZ                  
000010fb  CALBC1_12MHZ                  
000010fc  CALDCO_8MHZ                   
000010fd  CALBC1_8MHZ                   
000010fe  CALDCO_1MHZ                   
000010ff  CALBC1_1MHZ                   
0000c000  main                          
0000c43e  __TI_frcmpyd                  
0000c6c4  __mspabi_mpyd                 
0000c932  __mspabi_cmpd                 
0000ca0e  __mspabi_fltlid               
0000caba  getanalogvalues               
0000cb48  __TI_decompress_lzss          
0000cbc4  __mspabi_srll_15              
0000cbca  __mspabi_srll_14              
0000cbd0  __mspabi_srll_13              
0000cbd6  __mspabi_srll_12              
0000cbdc  __mspabi_srll_11              
0000cbe2  __mspabi_srll_10              
0000cbe8  __mspabi_srll_9               
0000cbee  __mspabi_srll_8               
0000cbf4  __mspabi_srll_7               
0000cbfa  __mspabi_srll_6               
0000cc00  __mspabi_srll_5               
0000cc06  __mspabi_srll_4               
0000cc0c  __mspabi_srll_3               
0000cc12  __mspabi_srll_2               
0000cc18  __mspabi_srll_1               
0000cc20  __mspabi_srli                 
0000cc2e  __mspabi_srli_15              
0000cc32  __mspabi_srli_14              
0000cc36  __mspabi_srli_13              
0000cc3a  __mspabi_srli_12              
0000cc3e  __mspabi_srli_11              
0000cc42  __mspabi_srli_10              
0000cc46  __mspabi_srli_9               
0000cc4a  __mspabi_srli_8               
0000cc4e  __mspabi_srli_7               
0000cc52  __mspabi_srli_6               
0000cc56  __mspabi_srli_5               
0000cc5a  __mspabi_srli_4               
0000cc5e  __mspabi_srli_3               
0000cc62  __mspabi_srli_2               
0000cc66  __mspabi_srli_1               
0000cc6c  __TI_auto_init_nobinit_nopinit
0000ccae  __mspabi_sral_15              
0000ccb2  __mspabi_sral_14              
0000ccb6  __mspabi_sral_13              
0000ccba  __mspabi_sral_12              
0000ccbe  __mspabi_sral_11              
0000ccc2  __mspabi_sral_10              
0000ccc6  __mspabi_sral_9               
0000ccca  __mspabi_sral_8               
0000ccce  __mspabi_sral_7               
0000ccd2  __mspabi_sral_6               
0000ccd6  __mspabi_sral_5               
0000ccda  __mspabi_sral_4               
0000ccde  __mspabi_sral_3               
0000cce2  __mspabi_sral_2               
0000cce6  __mspabi_sral_1               
0000ccec  __mspabi_slll_15              
0000ccf0  __mspabi_slll_14              
0000ccf4  __mspabi_slll_13              
0000ccf8  __mspabi_slll_12              
0000ccfc  __mspabi_slll_11              
0000cd00  __mspabi_slll_10              
0000cd04  __mspabi_slll_9               
0000cd08  __mspabi_slll_8               
0000cd0c  __mspabi_slll_7               
0000cd10  __mspabi_slll_6               
0000cd14  __mspabi_slll_5               
0000cd18  __mspabi_slll_4               
0000cd1c  __mspabi_slll_3               
0000cd20  __mspabi_slll_2               
0000cd24  __mspabi_slll_1               
0000cd2a  __mspabi_srai                 
0000cd36  __mspabi_srai_15              
0000cd38  __mspabi_srai_14              
0000cd3a  __mspabi_srai_13              
0000cd3c  __mspabi_srai_12              
0000cd3e  __mspabi_srai_11              
0000cd40  __mspabi_srai_10              
0000cd42  __mspabi_srai_9               
0000cd44  __mspabi_srai_8               
0000cd46  __mspabi_srai_7               
0000cd48  __mspabi_srai_6               
0000cd4a  __mspabi_srai_5               
0000cd4c  __mspabi_srai_4               
0000cd4e  __mspabi_srai_3               
0000cd50  __mspabi_srai_2               
0000cd52  __mspabi_srai_1               
0000cd56  __mspabi_divi                 
0000cd56  __mspabi_remi                 
0000cd82  __mspabi_slli                 
0000cd8e  __mspabi_slli_15              
0000cd90  __mspabi_slli_14              
0000cd92  __mspabi_slli_13              
0000cd94  __mspabi_slli_12              
0000cd96  __mspabi_slli_11              
0000cd98  __mspabi_slli_10              
0000cd9a  __mspabi_slli_9               
0000cd9c  __mspabi_slli_8               
0000cd9e  __mspabi_slli_7               
0000cda0  __mspabi_slli_6               
0000cda2  __mspabi_slli_5               
0000cda4  __mspabi_slli_4               
0000cda6  __mspabi_slli_3               
0000cda8  __mspabi_slli_2               
0000cdaa  __mspabi_slli_1               
0000cdae  __mspabi_mpyl                 
0000cdae  __mspabi_mpyl_sw              
0000cdd4  ConfigureAdc                  
0000cdf4  fadeLED                       
0000ce12  _c_int00_noargs               
0000ce2e  __mspabi_divu                 
0000ce2e  __mspabi_remu                 
0000ce44  __TI_zero_init_nomemset       
0000ce58  __TI_decompress_none          
0000ce6a  memcpy                        
0000ce7c  __mspabi_func_epilog_7        
0000ce7e  __mspabi_func_epilog_6        
0000ce80  __mspabi_func_epilog_5        
0000ce82  __mspabi_func_epilog_4        
0000ce84  __mspabi_func_epilog_3        
0000ce86  __mspabi_func_epilog_2        
0000ce88  __mspabi_func_epilog_1        
0000ce8c  __mspabi_fltid                
0000ce98  ADC10_ISR                     
0000cea0  __TI_ISR_TRAP                 
0000cea8  C$$EXIT                       
0000cea8  abort                         
0000ceae  _system_pre_init              
0000ceb2  _system_post_cinit            
0000cec0  __TI_Handler_Table_Base       
0000cec6  __TI_Handler_Table_Limit      
0000ceca  __TI_CINIT_Base               
0000ced2  __TI_CINIT_Limit              
0000ffe0  __TI_int00                    
0000ffe4  __TI_int02                    
0000ffe6  __TI_int03                    
0000ffea  __TI_int05                    
0000ffec  __TI_int06                    
0000ffee  __TI_int07                    
0000fff0  __TI_int08                    
0000fff2  __TI_int09                    
0000fff4  __TI_int10                    
0000fff6  __TI_int11                    
0000fff8  __TI_int12                    
0000fffa  __TI_int13                    
0000fffc  __TI_int14                    
0000fffe  _reset_vector                 
ffffffff  __TI_pprof_out_hndl           
ffffffff  __TI_prof_data_size           
ffffffff  __TI_prof_data_start          
ffffffff  __c_args__                    

[261 symbols]
